
DELL@DESKTOP-6BJE5P2 MINGW64 /d/.Net/GitBasics (master)
$ git status
On branch master

No commits yet

Changes to be committed:
  (use "git rm --cached <file>..." to unstage)
        new file:   New.txt
        new file:   index.html
        new file:   index.js


DELL@DESKTOP-6BJE5P2 MINGW64 /d/.Net/GitBasics (master)
$ git commit -m "Initial and create three files"
[master (root-commit) a14ba41] Initial and create three files
 3 files changed, 1 insertion(+)
 create mode 100644 New.txt
 create mode 100644 index.html
 create mode 100644 index.js

DELL@DESKTOP-6BJE5P2 MINGW64 /d/.Net/GitBasics (master)
$ git status
On branch master
nothing to commit, working tree clean

DELL@DESKTOP-6BJE5P2 MINGW64 /d/.Net/GitBasics (master)
$ code New.txt

DELL@DESKTOP-6BJE5P2 MINGW64 /d/.Net/GitBasics (master)
$ git status
On branch master
Changes not staged for commit:
  (use "git add <file>..." to update what will be committed)
  (use "git restore <file>..." to discard changes in working directory)
        modified:   New.txt

no changes added to commit (use "git add" and/or "git commit -a")

DELL@DESKTOP-6BJE5P2 MINGW64 /d/.Net/GitBasics (master)
$ git add New.txt

DELL@DESKTOP-6BJE5P2 MINGW64 /d/.Net/GitBasics (master)
$ git status
On branch master
Changes to be committed:
  (use "git restore --staged <file>..." to unstage)
        modified:   New.txt


DELL@DESKTOP-6BJE5P2 MINGW64 /d/.Net/GitBasics (master)
$ git commit -m "Modified one"
[master abf0b57] Modified one
 1 file changed, 3 insertions(+), 1 deletion(-)

DELL@DESKTOP-6BJE5P2 MINGW64 /d/.Net/GitBasics (master)
$ git status
On branch master
nothing to commit, working tree clean

DELL@DESKTOP-6BJE5P2 MINGW64 /d/.Net/GitBasics (master)
$ git log
commit abf0b5735ecd008de4cc3e0ed1443b1974c884c5 (HEAD -> master)
Author: Selva Sundaram <selva.sundaram@zensar.com>
Date:   Fri Jan 22 10:29:14 2021 +0530

    Modified one

commit a14ba419406e61eaa3cceda61cabd7baa84c9fbf
Author: Selva Sundaram <selva.sundaram@zensar.com>
Date:   Fri Jan 22 10:23:02 2021 +0530

    Initial and create three files

DELL@DESKTOP-6BJE5P2 MINGW64 /d/.Net/GitBasics (master)
$ code index.html

DELL@DESKTOP-6BJE5P2 MINGW64 /d/.Net/GitBasics (master)
$ git status
On branch master
Changes not staged for commit:
  (use "git add <file>..." to update what will be committed)
  (use "git restore <file>..." to discard changes in working directory)
        modified:   index.html

no changes added to commit (use "git add" and/or "git commit -a")

DELL@DESKTOP-6BJE5P2 MINGW64 /d/.Net/GitBasics (master)
$ git add *.html

DELL@DESKTOP-6BJE5P2 MINGW64 /d/.Net/GitBasics (master)
$ git status
On branch master
Changes to be committed:
  (use "git restore --staged <file>..." to unstage)
        modified:   index.html


DELL@DESKTOP-6BJE5P2 MINGW64 /d/.Net/GitBasics (master)
$ git log
commit abf0b5735ecd008de4cc3e0ed1443b1974c884c5 (HEAD -> master)
Author: Selva Sundaram <selva.sundaram@zensar.com>
Date:   Fri Jan 22 10:29:14 2021 +0530

    Modified one

commit a14ba419406e61eaa3cceda61cabd7baa84c9fbf
Author: Selva Sundaram <selva.sundaram@zensar.com>
Date:   Fri Jan 22 10:23:02 2021 +0530

    Initial and create three files

DELL@DESKTOP-6BJE5P2 MINGW64 /d/.Net/GitBasics (master)
$ git diff --staged
diff --git a/index.html b/index.html
index e69de29..c87692f 100644
--- a/index.html
+++ b/index.html
@@ -0,0 +1,10 @@
+<!DOCTYPE html>
+<html>
+<body>
+
+<h1>My First Heading</h1>
+
+<p>My first paragraph.</p>
+
+</body>
+</html>

DELL@DESKTOP-6BJE5P2 MINGW64 /d/.Net/GitBasics (master)
$ git commit -m "Modified new one"
[master 943e14a] Modified new one
 1 file changed, 10 insertions(+)

DELL@DESKTOP-6BJE5P2 MINGW64 /d/.Net/GitBasics (master)
$ git status
On branch master
nothing to commit, working tree clean

DELL@DESKTOP-6BJE5P2 MINGW64 /d/.Net/GitBasics (master)
$ git log
commit 943e14a183b52d28b8680a6839f323442856a229 (HEAD -> master)
Author: Selva Sundaram <selva.sundaram@zensar.com>
Date:   Fri Jan 22 10:47:53 2021 +0530

    Modified new one

commit abf0b5735ecd008de4cc3e0ed1443b1974c884c5
Author: Selva Sundaram <selva.sundaram@zensar.com>
Date:   Fri Jan 22 10:29:14 2021 +0530

    Modified one

commit a14ba419406e61eaa3cceda61cabd7baa84c9fbf
Author: Selva Sundaram <selva.sundaram@zensar.com>
Date:   Fri Jan 22 10:23:02 2021 +0530

    Initial and create three files

DELL@DESKTOP-6BJE5P2 MINGW64 /d/.Net/GitBasics (master)
$ git reset HEAD~1
Unstaged changes after reset:
M       index.html

DELL@DESKTOP-6BJE5P2 MINGW64 /d/.Net/GitBasics (master)
$ git log
commit abf0b5735ecd008de4cc3e0ed1443b1974c884c5 (HEAD -> master)
Author: Selva Sundaram <selva.sundaram@zensar.com>
Date:   Fri Jan 22 10:29:14 2021 +0530

    Modified one

commit a14ba419406e61eaa3cceda61cabd7baa84c9fbf
Author: Selva Sundaram <selva.sundaram@zensar.com>
Date:   Fri Jan 22 10:23:02 2021 +0530

    Initial and create three files

DELL@DESKTOP-6BJE5P2 MINGW64 /d/.Net/GitBasics (master)
$ git diff abf0b a14ba
diff --git a/New.txt b/New.txt
index b788f0d..87af0d7 100644
--- a/New.txt
+++ b/New.txt
@@ -1,3 +1 @@
-We are learning basic git commands.
-Good morning all and have a nice day
-satheesh kumar is a worst fellow
+We are learning basic git commands
\ No newline at end of file

DELL@DESKTOP-6BJE5P2 MINGW64 /d/.Net/GitBasics (master)
$git status
bash: gitstatus: command not found

DELL@DESKTOP-6BJE5P2 MINGW64 /d/.Net/GitBasics (master)
$ git status
On branch master
Changes not staged for commit:
  (use "git add <file>..." to update what will be committed)
  (use "git restore <file>..." to discard changes in working directory)
        modified:   index.html

no changes added to commit (use "git add" and/or "git commit -a")

DELL@DESKTOP-6BJE5P2 MINGW64 /d/.Net/GitBasics (master)
$ git log --online --graph --decorate
bash: $'\302\217git': command not found

DELL@DESKTOP-6BJE5P2 MINGW64 /d/.Net/GitBasics (master)
$ git log --oneline --graph --decorate
bash: $'\302\217git': command not found

DELL@DESKTOP-6BJE5P2 MINGW64 /d/.Net/GitBasics (master)
$git status
bash: it: command not found

DELL@DESKTOP-6BJE5P2 MINGW64 /d/.Net/GitBasics (master)
$ git log --oneline --graph --decorate
* abf0b57 (HEAD -> master) Modified one
* a14ba41 Initial and create three files

DELL@DESKTOP-6BJE5P2 MINGW64 /d/.Net/GitBasics (master)
$
